Archive member included to satisfy reference by file (symbol)

c:/program files (x86)/atmel/studio/7.0/toolchain/avr8/avr8-gnu-toolchain/bin/../lib/gcc/avr/4.9.2/avr5\libgcc.a(_exit.o)
                              C:/Program Files (x86)/Atmel/Studio/7.0/Packs/Atmel/ATmega_DFP/1.0.98/gcc/dev/atmega644p/avr5/crtatmega644p.o (exit)
c:/program files (x86)/atmel/studio/7.0/toolchain/avr8/avr8-gnu-toolchain/bin/../lib/gcc/avr/4.9.2/avr5\libgcc.a(_copy_data.o)
                              main.o (__do_copy_data)
c:/program files (x86)/atmel/studio/7.0/toolchain/avr8/avr8-gnu-toolchain/bin/../lib/gcc/avr/4.9.2/avr5\libgcc.a(_clear_bss.o)
                              main.o (__do_clear_bss)

Allocating common symbols
Common symbol       size              file

usbTxBuf            0xb               usbdrv/usbdrv.o
usbTxStatus1        0xc               usbdrv/usbdrv.o
Vystup              0x3               main.o
usbDeviceAddr       0x1               usbdrv/usbdrv.o
usbRxToken          0x1               usbdrv/usbdrv.o
usbInputBufOffset   0x1               usbdrv/usbdrv.o
usbMsgPtr           0x2               usbdrv/usbdrv.o
usbRxLen            0x1               usbdrv/usbdrv.o
usbNewDeviceAddr    0x1               usbdrv/usbdrv.o
usbCurrentTok       0x1               usbdrv/usbdrv.o
usbConfiguration    0x1               usbdrv/usbdrv.o
usbRxBuf            0x16              usbdrv/usbdrv.o

Discarded input sections

 .data          0x00000000        0x0 C:/Program Files (x86)/Atmel/Studio/7.0/Packs/Atmel/ATmega_DFP/1.0.98/gcc/dev/atmega644p/avr5/crtatmega644p.o
 .bss           0x00000000        0x0 C:/Program Files (x86)/Atmel/Studio/7.0/Packs/Atmel/ATmega_DFP/1.0.98/gcc/dev/atmega644p/avr5/crtatmega644p.o
 .text          0x00000000        0x0 ADC.o
 .data          0x00000000        0x0 ADC.o
 .bss           0x00000000        0x0 ADC.o
 .text          0x00000000        0x0 main.o
 .data          0x00000000        0x0 main.o
 .bss           0x00000000        0x0 main.o
 COMMON         0x00000000        0x3 main.o
 .text          0x00000000        0x0 encoder.o
 .data          0x00000000        0x0 encoder.o
 .bss           0x00000000        0x0 encoder.o
 .text          0x00000000        0x0 usbdrv/oddebug.o
 .data          0x00000000        0x0 usbdrv/oddebug.o
 .bss           0x00000000        0x0 usbdrv/oddebug.o
 .debug_info    0x00000000       0x56 usbdrv/oddebug.o
 .debug_abbrev  0x00000000       0x26 usbdrv/oddebug.o
 .debug_aranges
                0x00000000       0x18 usbdrv/oddebug.o
 .debug_line    0x00000000       0x1a usbdrv/oddebug.o
 .debug_str     0x00000000      0x162 usbdrv/oddebug.o
 .comment       0x00000000       0x31 usbdrv/oddebug.o
 .text          0x00000000        0x0 usbdrv/usbdrv.o
 .data          0x00000000        0x0 usbdrv/usbdrv.o
 .bss           0x00000000        0x0 usbdrv/usbdrv.o
 .data          0x00000000        0x0 usbdrv/usbdrvasm.o
 .bss           0x00000000        0x0 usbdrv/usbdrvasm.o
 .text          0x00000000        0x0 c:/program files (x86)/atmel/studio/7.0/toolchain/avr8/avr8-gnu-toolchain/bin/../lib/gcc/avr/4.9.2/avr5\libgcc.a(_exit.o)
 .data          0x00000000        0x0 c:/program files (x86)/atmel/studio/7.0/toolchain/avr8/avr8-gnu-toolchain/bin/../lib/gcc/avr/4.9.2/avr5\libgcc.a(_exit.o)
 .bss           0x00000000        0x0 c:/program files (x86)/atmel/studio/7.0/toolchain/avr8/avr8-gnu-toolchain/bin/../lib/gcc/avr/4.9.2/avr5\libgcc.a(_exit.o)
 .text.libgcc.mul
                0x00000000        0x0 c:/program files (x86)/atmel/studio/7.0/toolchain/avr8/avr8-gnu-toolchain/bin/../lib/gcc/avr/4.9.2/avr5\libgcc.a(_exit.o)
 .text.libgcc.div
                0x00000000        0x0 c:/program files (x86)/atmel/studio/7.0/toolchain/avr8/avr8-gnu-toolchain/bin/../lib/gcc/avr/4.9.2/avr5\libgcc.a(_exit.o)
 .text.libgcc   0x00000000        0x0 c:/program files (x86)/atmel/studio/7.0/toolchain/avr8/avr8-gnu-toolchain/bin/../lib/gcc/avr/4.9.2/avr5\libgcc.a(_exit.o)
 .text.libgcc.prologue
                0x00000000        0x0 c:/program files (x86)/atmel/studio/7.0/toolchain/avr8/avr8-gnu-toolchain/bin/../lib/gcc/avr/4.9.2/avr5\libgcc.a(_exit.o)
 .text.libgcc.builtins
                0x00000000        0x0 c:/program files (x86)/atmel/studio/7.0/toolchain/avr8/avr8-gnu-toolchain/bin/../lib/gcc/avr/4.9.2/avr5\libgcc.a(_exit.o)
 .text.libgcc.fmul
                0x00000000        0x0 c:/program files (x86)/atmel/studio/7.0/toolchain/avr8/avr8-gnu-toolchain/bin/../lib/gcc/avr/4.9.2/avr5\libgcc.a(_exit.o)
 .text.libgcc.fixed
                0x00000000        0x0 c:/program files (x86)/atmel/studio/7.0/toolchain/avr8/avr8-gnu-toolchain/bin/../lib/gcc/avr/4.9.2/avr5\libgcc.a(_exit.o)
 .text          0x00000000        0x0 c:/program files (x86)/atmel/studio/7.0/toolchain/avr8/avr8-gnu-toolchain/bin/../lib/gcc/avr/4.9.2/avr5\libgcc.a(_copy_data.o)
 .data          0x00000000        0x0 c:/program files (x86)/atmel/studio/7.0/toolchain/avr8/avr8-gnu-toolchain/bin/../lib/gcc/avr/4.9.2/avr5\libgcc.a(_copy_data.o)
 .bss           0x00000000        0x0 c:/program files (x86)/atmel/studio/7.0/toolchain/avr8/avr8-gnu-toolchain/bin/../lib/gcc/avr/4.9.2/avr5\libgcc.a(_copy_data.o)
 .text.libgcc.mul
                0x00000000        0x0 c:/program files (x86)/atmel/studio/7.0/toolchain/avr8/avr8-gnu-toolchain/bin/../lib/gcc/avr/4.9.2/avr5\libgcc.a(_copy_data.o)
 .text.libgcc.div
                0x00000000        0x0 c:/program files (x86)/atmel/studio/7.0/toolchain/avr8/avr8-gnu-toolchain/bin/../lib/gcc/avr/4.9.2/avr5\libgcc.a(_copy_data.o)
 .text.libgcc   0x00000000        0x0 c:/program files (x86)/atmel/studio/7.0/toolchain/avr8/avr8-gnu-toolchain/bin/../lib/gcc/avr/4.9.2/avr5\libgcc.a(_copy_data.o)
 .text.libgcc.prologue
                0x00000000        0x0 c:/program files (x86)/atmel/studio/7.0/toolchain/avr8/avr8-gnu-toolchain/bin/../lib/gcc/avr/4.9.2/avr5\libgcc.a(_copy_data.o)
 .text.libgcc.builtins
                0x00000000        0x0 c:/program files (x86)/atmel/studio/7.0/toolchain/avr8/avr8-gnu-toolchain/bin/../lib/gcc/avr/4.9.2/avr5\libgcc.a(_copy_data.o)
 .text.libgcc.fmul
                0x00000000        0x0 c:/program files (x86)/atmel/studio/7.0/toolchain/avr8/avr8-gnu-toolchain/bin/../lib/gcc/avr/4.9.2/avr5\libgcc.a(_copy_data.o)
 .text.libgcc.fixed
                0x00000000        0x0 c:/program files (x86)/atmel/studio/7.0/toolchain/avr8/avr8-gnu-toolchain/bin/../lib/gcc/avr/4.9.2/avr5\libgcc.a(_copy_data.o)
 .text          0x00000000        0x0 c:/program files (x86)/atmel/studio/7.0/toolchain/avr8/avr8-gnu-toolchain/bin/../lib/gcc/avr/4.9.2/avr5\libgcc.a(_clear_bss.o)
 .data          0x00000000        0x0 c:/program files (x86)/atmel/studio/7.0/toolchain/avr8/avr8-gnu-toolchain/bin/../lib/gcc/avr/4.9.2/avr5\libgcc.a(_clear_bss.o)
 .bss           0x00000000        0x0 c:/program files (x86)/atmel/studio/7.0/toolchain/avr8/avr8-gnu-toolchain/bin/../lib/gcc/avr/4.9.2/avr5\libgcc.a(_clear_bss.o)
 .text.libgcc.mul
                0x00000000        0x0 c:/program files (x86)/atmel/studio/7.0/toolchain/avr8/avr8-gnu-toolchain/bin/../lib/gcc/avr/4.9.2/avr5\libgcc.a(_clear_bss.o)
 .text.libgcc.div
                0x00000000        0x0 c:/program files (x86)/atmel/studio/7.0/toolchain/avr8/avr8-gnu-toolchain/bin/../lib/gcc/avr/4.9.2/avr5\libgcc.a(_clear_bss.o)
 .text.libgcc   0x00000000        0x0 c:/program files (x86)/atmel/studio/7.0/toolchain/avr8/avr8-gnu-toolchain/bin/../lib/gcc/avr/4.9.2/avr5\libgcc.a(_clear_bss.o)
 .text.libgcc.prologue
                0x00000000        0x0 c:/program files (x86)/atmel/studio/7.0/toolchain/avr8/avr8-gnu-toolchain/bin/../lib/gcc/avr/4.9.2/avr5\libgcc.a(_clear_bss.o)
 .text.libgcc.builtins
                0x00000000        0x0 c:/program files (x86)/atmel/studio/7.0/toolchain/avr8/avr8-gnu-toolchain/bin/../lib/gcc/avr/4.9.2/avr5\libgcc.a(_clear_bss.o)
 .text.libgcc.fmul
                0x00000000        0x0 c:/program files (x86)/atmel/studio/7.0/toolchain/avr8/avr8-gnu-toolchain/bin/../lib/gcc/avr/4.9.2/avr5\libgcc.a(_clear_bss.o)
 .text.libgcc.fixed
                0x00000000        0x0 c:/program files (x86)/atmel/studio/7.0/toolchain/avr8/avr8-gnu-toolchain/bin/../lib/gcc/avr/4.9.2/avr5\libgcc.a(_clear_bss.o)

Memory Configuration

Name             Origin             Length             Attributes
text             0x00000000         0x00020000         xr
data             0x00800060         0x0000ffa0         rw !x
eeprom           0x00810000         0x00010000         rw !x
fuse             0x00820000         0x00000400         rw !x
lock             0x00830000         0x00000400         rw !x
signature        0x00840000         0x00000400         rw !x
user_signatures  0x00850000         0x00000400         rw !x
*default*        0x00000000         0xffffffff

Linker script and memory map

Address of section .data set to 0x800100
LOAD C:/Program Files (x86)/Atmel/Studio/7.0/Packs/Atmel/ATmega_DFP/1.0.98/gcc/dev/atmega644p/avr5/crtatmega644p.o
LOAD ADC.o
LOAD main.o
LOAD encoder.o
LOAD usbdrv/oddebug.o
LOAD usbdrv/usbdrv.o
LOAD usbdrv/usbdrvasm.o
START GROUP
LOAD c:/program files (x86)/atmel/studio/7.0/toolchain/avr8/avr8-gnu-toolchain/bin/../lib/gcc/avr/4.9.2/../../../../avr/lib/avr5\libm.a
END GROUP
START GROUP
LOAD c:/program files (x86)/atmel/studio/7.0/toolchain/avr8/avr8-gnu-toolchain/bin/../lib/gcc/avr/4.9.2/avr5\libgcc.a
LOAD c:/program files (x86)/atmel/studio/7.0/toolchain/avr8/avr8-gnu-toolchain/bin/../lib/gcc/avr/4.9.2/../../../../avr/lib/avr5\libm.a
LOAD c:/program files (x86)/atmel/studio/7.0/toolchain/avr8/avr8-gnu-toolchain/bin/../lib/gcc/avr/4.9.2/../../../../avr/lib/avr5\libc.a
LOAD C:/Program Files (x86)/Atmel/Studio/7.0/Packs/Atmel/ATmega_DFP/1.0.98/gcc/dev/atmega644p/avr5\libatmega644p.a
END GROUP

.hash
 *(.hash)

.dynsym
 *(.dynsym)

.dynstr
 *(.dynstr)

.gnu.version
 *(.gnu.version)

.gnu.version_d
 *(.gnu.version_d)

.gnu.version_r
 *(.gnu.version_r)

.rel.init
 *(.rel.init)

.rela.init
 *(.rela.init)

.rel.text
 *(.rel.text)
 *(.rel.text.*)
 *(.rel.gnu.linkonce.t*)

.rela.text
 *(.rela.text)
 *(.rela.text.*)
 *(.rela.gnu.linkonce.t*)

.rel.fini
 *(.rel.fini)

.rela.fini
 *(.rela.fini)

.rel.rodata
 *(.rel.rodata)
 *(.rel.rodata.*)
 *(.rel.gnu.linkonce.r*)

.rela.rodata
 *(.rela.rodata)
 *(.rela.rodata.*)
 *(.rela.gnu.linkonce.r*)

.rel.data
 *(.rel.data)
 *(.rel.data.*)
 *(.rel.gnu.linkonce.d*)

.rela.data
 *(.rela.data)
 *(.rela.data.*)
 *(.rela.gnu.linkonce.d*)

.rel.ctors
 *(.rel.ctors)

.rela.ctors
 *(.rela.ctors)

.rel.dtors
 *(.rel.dtors)

.rela.dtors
 *(.rela.dtors)

.rel.got
 *(.rel.got)

.rela.got
 *(.rela.got)

.rel.bss
 *(.rel.bss)

.rela.bss
 *(.rela.bss)

.rel.plt
 *(.rel.plt)

.rela.plt
 *(.rela.plt)

.text           0x00000000      0x86c
 *(.vectors)
 .vectors       0x00000000       0x7c C:/Program Files (x86)/Atmel/Studio/7.0/Packs/Atmel/ATmega_DFP/1.0.98/gcc/dev/atmega644p/avr5/crtatmega644p.o
                0x00000000                __vector_default
                0x00000000                __vectors
 *(.vectors)
 *(.progmem.gcc*)
                0x0000007c                . = ALIGN (0x2)
                0x0000007c                __trampolines_start = .
 *(.trampolines)
 .trampolines   0x0000007c        0x0 linker stubs
 *(.trampolines*)
                0x0000007c                __trampolines_end = .
 *(.progmem*)
 .progmem.data.usbDescriptorHidReport
                0x0000007c       0x3e main.o
                0x0000007c                usbDescriptorHidReport
 .progmem.data.usbDescriptorConfiguration
                0x000000ba       0x22 usbdrv/usbdrv.o
                0x000000ba                usbDescriptorConfiguration
 .progmem.data.usbDescriptorDevice
                0x000000dc       0x12 usbdrv/usbdrv.o
                0x000000dc                usbDescriptorDevice
 .progmem.data.usbDescriptorStringSerialNumber
                0x000000ee       0x12 usbdrv/usbdrv.o
                0x000000ee                usbDescriptorStringSerialNumber
 .progmem.data.usbDescriptorStringDevice
                0x00000100       0x22 usbdrv/usbdrv.o
                0x00000100                usbDescriptorStringDevice
 .progmem.data.usbDescriptorStringVendor
                0x00000122       0x18 usbdrv/usbdrv.o
                0x00000122                usbDescriptorStringVendor
 .progmem.data.usbDescriptorString0
                0x0000013a        0x4 usbdrv/usbdrv.o
                0x0000013a                usbDescriptorString0
                0x0000013e                . = ALIGN (0x2)
 *(.jumptables)
 *(.jumptables*)
 *(.lowtext)
 *(.lowtext*)
                0x0000013e                __ctors_start = .
 *(.ctors)
                0x0000013e                __ctors_end = .
                0x0000013e                __dtors_start = .
 *(.dtors)
                0x0000013e                __dtors_end = .
 SORT(*)(.ctors)
 SORT(*)(.dtors)
 *(.init0)
 .init0         0x0000013e        0x0 C:/Program Files (x86)/Atmel/Studio/7.0/Packs/Atmel/ATmega_DFP/1.0.98/gcc/dev/atmega644p/avr5/crtatmega644p.o
                0x0000013e                __init
 *(.init0)
 *(.init1)
 *(.init1)
 *(.init2)
 .init2         0x0000013e        0xc C:/Program Files (x86)/Atmel/Studio/7.0/Packs/Atmel/ATmega_DFP/1.0.98/gcc/dev/atmega644p/avr5/crtatmega644p.o
 *(.init2)
 *(.init3)
 *(.init3)
 *(.init4)
 .init4         0x0000014a       0x16 c:/program files (x86)/atmel/studio/7.0/toolchain/avr8/avr8-gnu-toolchain/bin/../lib/gcc/avr/4.9.2/avr5\libgcc.a(_copy_data.o)
                0x0000014a                __do_copy_data
 .init4         0x00000160       0x10 c:/program files (x86)/atmel/studio/7.0/toolchain/avr8/avr8-gnu-toolchain/bin/../lib/gcc/avr/4.9.2/avr5\libgcc.a(_clear_bss.o)
                0x00000160                __do_clear_bss
 *(.init4)
 *(.init5)
 *(.init5)
 *(.init6)
 *(.init6)
 *(.init7)
 *(.init7)
 *(.init8)
 *(.init8)
 *(.init9)
 .init9         0x00000170        0x8 C:/Program Files (x86)/Atmel/Studio/7.0/Packs/Atmel/ATmega_DFP/1.0.98/gcc/dev/atmega644p/avr5/crtatmega644p.o
 *(.init9)
 *(.text)
 .text          0x00000178        0x4 C:/Program Files (x86)/Atmel/Studio/7.0/Packs/Atmel/ATmega_DFP/1.0.98/gcc/dev/atmega644p/avr5/crtatmega644p.o
                0x00000178                __vector_22
                0x00000178                __vector_28
                0x00000178                __vector_24
                0x00000178                __vector_12
                0x00000178                __bad_interrupt
                0x00000178                __vector_6
                0x00000178                __vector_3
                0x00000178                __vector_23
                0x00000178                __vector_30
                0x00000178                __vector_25
                0x00000178                __vector_11
                0x00000178                __vector_13
                0x00000178                __vector_17
                0x00000178                __vector_19
                0x00000178                __vector_7
                0x00000178                __vector_27
                0x00000178                __vector_5
                0x00000178                __vector_9
                0x00000178                __vector_2
                0x00000178                __vector_21
                0x00000178                __vector_15
                0x00000178                __vector_29
                0x00000178                __vector_8
                0x00000178                __vector_26
                0x00000178                __vector_14
                0x00000178                __vector_10
                0x00000178                __vector_16
                0x00000178                __vector_18
                0x00000178                __vector_20
 .text          0x0000017c      0x2a6 usbdrv/usbdrvasm.o
                0x0000017c                usbCrc16
                0x000001a6                usbCrc16Append
                0x000001ae                __vector_1
                0x00000422                . = ALIGN (0x2)
 *(.text.*)
 .text.InitADC  0x00000422       0x16 ADC.o
                0x00000422                InitADC
 .text.ReadADC  0x00000438       0x2a ADC.o
                0x00000438                ReadADC
 .text.__vector_4
                0x00000462       0x6e main.o
                0x00000462                __vector_4
 .text.usbFunctionSetup
                0x000004d0       0x42 main.o
                0x000004d0                usbFunctionSetup
 .text.startup.main
                0x00000512       0xd2 main.o
                0x00000512                main
 .text.ENC_InitEncoder
                0x000005e4        0xa encoder.o
                0x000005e4                ENC_InitEncoder
 .text.ENC_Intterupt_Set
                0x000005ee       0x16 encoder.o
                0x000005ee                ENC_Intterupt_Set
 .text.usbSetInterrupt
                0x00000604       0x46 usbdrv/usbdrv.o
                0x00000604                usbSetInterrupt
 .text.usbPoll  0x0000064a      0x204 usbdrv/usbdrv.o
                0x0000064a                usbPoll
 .text.usbInit  0x0000084e       0x1a usbdrv/usbdrv.o
                0x0000084e                usbInit
                0x00000868                . = ALIGN (0x2)
 *(.fini9)
 .fini9         0x00000868        0x0 c:/program files (x86)/atmel/studio/7.0/toolchain/avr8/avr8-gnu-toolchain/bin/../lib/gcc/avr/4.9.2/avr5\libgcc.a(_exit.o)
                0x00000868                _exit
                0x00000868                exit
 *(.fini9)
 *(.fini8)
 *(.fini8)
 *(.fini7)
 *(.fini7)
 *(.fini6)
 *(.fini6)
 *(.fini5)
 *(.fini5)
 *(.fini4)
 *(.fini4)
 *(.fini3)
 *(.fini3)
 *(.fini2)
 *(.fini2)
 *(.fini1)
 *(.fini1)
 *(.fini0)
 .fini0         0x00000868        0x4 c:/program files (x86)/atmel/studio/7.0/toolchain/avr8/avr8-gnu-toolchain/bin/../lib/gcc/avr/4.9.2/avr5\libgcc.a(_exit.o)
 *(.fini0)
                0x0000086c                _etext = .

.data           0x00800100       0x12 load address 0x0000086c
                0x00800100                PROVIDE (__data_start, .)
 *(.data)
 *(.data*)
 .data.usbMsgLen
                0x00800100        0x1 usbdrv/usbdrv.o
 .data.usbTxLen
                0x00800101        0x1 usbdrv/usbdrv.o
                0x00800101                usbTxLen
 *(.rodata)
 *(.rodata*)
 .rodata.enc_states.1839
                0x00800102       0x10 main.o
 *(.gnu.linkonce.d*)
                0x00800112                . = ALIGN (0x2)
                0x00800112                _edata = .
                0x00800112                PROVIDE (__data_end, .)

.bss            0x00800112       0x47
                0x00800112                PROVIDE (__bss_start, .)
 *(.bss)
 *(.bss*)
 .bss.old_AB.1840
                0x00800112        0x1 main.o
 .bss.idleRate  0x00800113        0x1 main.o
 .bss.reportBuffer_REPORT2
                0x00800114        0x7 main.o
 .bss.reportBuffer_REPORT1
                0x0080011b        0x4 main.o
 .bss.counter   0x0080011f        0x2 main.o
                0x0080011f                counter
 .bss.encval    0x00800121        0x1 main.o
                0x00800121                encval
 .bss.usbMsgFlags
                0x00800122        0x1 usbdrv/usbdrv.o
 *(COMMON)
 COMMON         0x00800123       0x36 usbdrv/usbdrv.o
                0x00800123                usbTxBuf
                0x0080012e                usbTxStatus1
                0x0080013a                usbDeviceAddr
                0x0080013b                usbRxToken
                0x0080013c                usbInputBufOffset
                0x0080013d                usbMsgPtr
                0x0080013f                usbRxLen
                0x00800140                usbNewDeviceAddr
                0x00800141                usbCurrentTok
                0x00800142                usbConfiguration
                0x00800143                usbRxBuf
                0x00800159                PROVIDE (__bss_end, .)
                0x0000086c                __data_load_start = LOADADDR (.data)
                0x0000087e                __data_load_end = (__data_load_start + SIZEOF (.data))

.noinit         0x00800159        0x0
                0x00800159                PROVIDE (__noinit_start, .)
 *(.noinit*)
                0x00800159                PROVIDE (__noinit_end, .)
                0x00800159                _end = .
                0x00800159                PROVIDE (__heap_start, .)

.eeprom         0x00810000        0x0
 *(.eeprom*)
                0x00810000                __eeprom_end = .

.fuse
 *(.fuse)
 *(.lfuse)
 *(.hfuse)
 *(.efuse)

.lock
 *(.lock*)

.signature
 *(.signature*)

.user_signatures
 *(.user_signatures*)

.stab
 *(.stab)

.stabstr
 *(.stabstr)

.stab.excl
 *(.stab.excl)

.stab.exclstr
 *(.stab.exclstr)

.stab.index
 *(.stab.index)

.stab.indexstr
 *(.stab.indexstr)

.comment        0x00000000       0x30
 *(.comment)
 .comment       0x00000000       0x30 ADC.o
                                 0x31 (size before relaxing)
 .comment       0x00000030       0x31 main.o
 .comment       0x00000030       0x31 encoder.o
 .comment       0x00000030       0x31 usbdrv/usbdrv.o

.note.gnu.avr.deviceinfo
                0x00000000       0x40
 .note.gnu.avr.deviceinfo
                0x00000000       0x40 C:/Program Files (x86)/Atmel/Studio/7.0/Packs/Atmel/ATmega_DFP/1.0.98/gcc/dev/atmega644p/avr5/crtatmega644p.o

.note.gnu.build-id
 *(.note.gnu.build-id)

.debug
 *(.debug)

.line
 *(.line)

.debug_srcinfo
 *(.debug_srcinfo)

.debug_sfnames
 *(.debug_sfnames)

.debug_aranges  0x00000000       0xd0
 *(.debug_aranges)
 .debug_aranges
                0x00000000       0x28 ADC.o
 .debug_aranges
                0x00000028       0x30 main.o
 .debug_aranges
                0x00000058       0x28 encoder.o
 .debug_aranges
                0x00000080       0x30 usbdrv/usbdrv.o
 .debug_aranges
                0x000000b0       0x20 usbdrv/usbdrvasm.o

.debug_pubnames
 *(.debug_pubnames)

.debug_info     0x00000000     0x1030
 *(.debug_info .gnu.linkonce.wi.*)
 .debug_info    0x00000000       0xb8 ADC.o
 .debug_info    0x000000b8      0x56b main.o
 .debug_info    0x00000623       0x99 encoder.o
 .debug_info    0x000006bc      0x900 usbdrv/usbdrv.o
 .debug_info    0x00000fbc       0x74 usbdrv/usbdrvasm.o

.debug_abbrev   0x00000000      0x650
 *(.debug_abbrev)
 .debug_abbrev  0x00000000       0x7a ADC.o
 .debug_abbrev  0x0000007a      0x275 main.o
 .debug_abbrev  0x000002ef       0x51 encoder.o
 .debug_abbrev  0x00000340      0x2fc usbdrv/usbdrv.o
 .debug_abbrev  0x0000063c       0x14 usbdrv/usbdrvasm.o

.debug_line     0x00000000      0x684
 *(.debug_line .debug_line.* .debug_line_end)
 .debug_line    0x00000000       0xb3 ADC.o
 .debug_line    0x000000b3      0x1f0 main.o
 .debug_line    0x000002a3       0xb0 encoder.o
 .debug_line    0x00000353      0x174 usbdrv/usbdrv.o
 .debug_line    0x000004c7      0x1bd usbdrv/usbdrvasm.o

.debug_frame    0x00000000      0x128
 *(.debug_frame)
 .debug_frame   0x00000000       0x34 ADC.o
 .debug_frame   0x00000034       0x68 main.o
 .debug_frame   0x0000009c       0x34 encoder.o
 .debug_frame   0x000000d0       0x58 usbdrv/usbdrv.o

.debug_str      0x00000000      0x5ed
 *(.debug_str)
 .debug_str     0x00000000      0x151 ADC.o
                                0x185 (size before relaxing)
 .debug_str     0x00000151      0x21e main.o
                                0x39b (size before relaxing)
 .debug_str     0x0000036f        0xf encoder.o
                                0x187 (size before relaxing)
 .debug_str     0x0000037e      0x26f usbdrv/usbdrv.o
                                0x4e1 (size before relaxing)

.debug_loc      0x00000000      0x950
 *(.debug_loc)
 .debug_loc     0x00000000       0x21 ADC.o
 .debug_loc     0x00000021      0x125 main.o
 .debug_loc     0x00000146      0x80a usbdrv/usbdrv.o

.debug_macinfo
 *(.debug_macinfo)

.debug_weaknames
 *(.debug_weaknames)

.debug_funcnames
 *(.debug_funcnames)

.debug_typenames
 *(.debug_typenames)

.debug_varnames
 *(.debug_varnames)

.debug_pubtypes
 *(.debug_pubtypes)

.debug_ranges   0x00000000      0x120
 *(.debug_ranges)
 .debug_ranges  0x00000000       0x18 ADC.o
 .debug_ranges  0x00000018       0x20 main.o
 .debug_ranges  0x00000038       0x18 encoder.o
 .debug_ranges  0x00000050       0xd0 usbdrv/usbdrv.o

.debug_macro
 *(.debug_macro)
OUTPUT(USB-HID-Joystick.elf elf32-avr)
LOAD linker stubs
